// Jest Snapshot v1, https://goo.gl/fbAQLP

exports[`5 + 4 1`] = `
<button
  name="9"
  type="button"
>
  9
</button>
`;
